
Owner@FMVW77SB MINGW64 ~/Desktop/kadai_005
$ cd c:/Users/Owner/Desktop/git_challenge

Owner@FMVW77SB MINGW64 ~/Desktop/git_challenge
$ git init
Initialized empty Git repository in C:/Users/Owner/Desktop/git_challenge/.git/

Owner@FMVW77SB MINGW64 ~/Desktop/git_challenge (master)       
$ git add hello_world.txt

Owner@FMVW77SB MINGW64 ~/Desktop/git_challenge (master)       
$ git commit -m "Hello,world!"
[master (root-commit) 172653d] Hello,world!
 1 file changed, 0 insertions(+), 0 deletions(-)
 create mode 100644 hello_world.txt

Owner@FMVW77SB MINGW64 ~/Desktop/git_challenge (master)       
$ git status
On branch master
nothing to commit, working tree clean

Owner@FMVW77SB MINGW64 ~/Desktop/git_challenge (master)       
$ git add hello_world.txt

Owner@FMVW77SB MINGW64 ~/Desktop/git_challenge (master)       
$ git commit -m "こんにちは、世界!"
[master 116e8bc] こんにちは、世界!
 1 file changed, 1 insertion(+)

Owner@FMVW77SB MINGW64 ~/Desktop/git_challenge (master)       
$ git status
On branch master
nothing to commit, working tree clean

Owner@FMVW77SB MINGW64 ~/Desktop/git_challenge (master)       
$ git log --oneline
116e8bc (HEAD -> master) こんにちは、世界!
172653d Hello,world!

Owner@FMVW77SB MINGW64 ~/Desktop/git_challenge (master)       
$ git add hello_world.txt

Owner@FMVW77SB MINGW64 ~/Desktop/git_challenge (master)       
$ git commit -m "Hello_world.txtを追加"
[master 5ace3d5] Hello_world.txtを追加
 1 file changed, 2 insertions(+)

Owner@FMVW77SB MINGW64 ~/Desktop/git_challenge (master)       
$ git add hello_world.txt

Owner@FMVW77SB MINGW64 ~/Desktop/git_challenge (master)       
$ git commit -m "日本語訳を追記"
[master 809cbb7] 日本語訳を追記
 1 file changed, 1 insertion(+)

Owner@FMVW77SB MINGW64 ~/Desktop/git_challenge (master)       
$ git log --oneline
809cbb7 (HEAD -> master) 日本語訳を追記
5ace3d5 Hello_world.txtを追加