PS C:\Users\Owner\Desktop\git_challenge> git add hello_world.txt
[master 55687f8] Hello,world!
 1 file changed, 2 deletions(-)
PS C:\Users\Owner\Desktop\git_challenge> git add hello_world.txt
PS C:\Users\Owner\Desktop\git_challenge> git commit -m "こんにちは、世界！"      
[master 0d59d13] こんにちは、世界！
 1 file changed, 1 insertion(+)
PS C:\Users\Owner\Desktop\git_challenge> git status
On branch master
nothing to commit, working tree clean
PS C:\Users\Owner\Desktop\git_challenge> git log --oneline
0d59d13 (HEAD -> master) こんにちは、世界！
55687f8 Hello,world!