
Owner@FMVW77SB MINGW64 ~/Desktop/TEST
$ git init
Initialized empty Git repository in C:/Users/Owner/Desktop/TEST/.git/

Owner@FMVW77SB MINGW64 ~/Desktop/TEST (master)
$ git add
Nothing specified, nothing added.
hint: Maybe you wanted to say 'git add .'?
hint: Disable this message with "git config advice.addEmptyPathspec false"

Owner@FMVW77SB MINGW64 ~/Desktop/TEST (master)
$ git add .

Owner@FMVW77SB MINGW64 ~/Desktop/TEST (master)
$ git commit -m "hello_world.txtを追加"
[master (root-commit) 6bab929] hello_world.txtを追加
 1 file changed, 1 insertion(+)
 create mode 100644 git_challenge/hello_world.txt

Owner@FMVW77SB MINGW64 ~/Desktop/TEST (master)
$ git add .

Owner@FMVW77SB MINGW64 ~/Desktop/TEST (master)
$ git commit -m "日本語訳を追記"
[master 3c99a85] 日本語訳を追記
 1 file changed, 2 insertions(+), 1 deletion(-)

Owner@FMVW77SB MINGW64 ~/Desktop/TEST (master)
$ git status
On branch master
nothing to commit, working tree clean

Owner@FMVW77SB MINGW64 ~/Desktop/TEST (master)
$ git log
commit 3c99a8560cf0847d236b043bd751556bc67aa55b (HEAD -> master)
Author: kitazawanobuhiko <nobbk201@gmail.com>
Date:   Thu Sep 12 22:38:38 2024 +0900

    日本語訳を追記

commit 6bab9297f84cc595a956d4a4b31c5b17274fc075
Author: kitazawanobuhiko <nobbk201@gmail.com>
Date:   Thu Sep 12 22:34:06 2024 +0900

    hello_world.txtを追加